#-----------------------------------------------------------
# Vivado v2023.2 (64-bit)
# SW Build 4029153 on Fri Oct 13 20:13:54 MDT 2023
# IP Build 4028589 on Sat Oct 14 00:45:43 MDT 2023
# SharedData Build 4025554 on Tue Oct 10 17:18:54 MDT 2023
# Start of session at: Mon Jul 14 12:10:52 2025
# Process ID: 67584
# Current directory: /media/tanawin/tanawin1701e/project6/customHdlIps/magicSeq
# Command line: vivado
# Log file: /media/tanawin/tanawin1701e/project6/customHdlIps/magicSeq/vivado.log
# Journal file: /media/tanawin/tanawin1701e/project6/customHdlIps/magicSeq/vivado.jou
# Running On: kathryn2, OS: Linux, CPU Frequency: 984.473 MHz, CPU Physical cores: 10, Host memory: 16439 MB
#-----------------------------------------------------------
start_gui
open_project /media/tanawin/tanawin1701e/project6/hardwares/zcu102dfx4ml/zcu102dfxCtrl2Renew.xpr
open_bd_design {/media/tanawin/tanawin1701e/project6/hardwares/zcu102dfx4ml/zcu102dfxCtrl2Renew.srcs/sources_1/bd/system/system.bd}
update_compile_order -fileset sources_1
group_bd_cells hier_0 [get_bd_cells icapWrap_0]
validate_bd_design
